exports[`MovieApi fetches movie info for a given query 1`] = `
Object {
  "backdropUrl": "string",
  "credits": Object {
    "en": Object {
      "cast": Array [
        Object {
          "character": "string",
          "name": "string",
          "photoUrl": "string",
        },
      ],
      "crew": Object {
        "cinematographers": Array [
          Object {
            "department": "string",
            "job": "string",
            "name": "string",
            "photoUrl": "null",
          },
        ],
        "composers": Array [
          Object {
            "department": "string",
            "job": "string",
            "name": "string",
            "photoUrl": "string",
          },
        ],
        "directors": Array [
          Object {
            "department": "string",
            "job": "string",
            "name": "string",
            "photoUrl": "string",
          },
        ],
        "producers": Array [
          Object {
            "department": "string",
            "job": "string",
            "name": "string",
            "photoUrl": "string",
          },
        ],
        "writers": Array [
          Object {
            "department": "string",
            "job": "string",
            "name": "string",
            "photoUrl": "string",
          },
        ],
      },
    },
    "ru": Object {
      "cast": Array [
        Object {
          "name": "string",
          "photoUrl": "string",
        },
      ],
      "crew": Object {
        "cinematographers": Array [
          Object {
            "name": "string",
            "photoUrl": "string",
          },
        ],
        "composers": Array [
          Object {
            "name": "string",
            "photoUrl": "string",
          },
        ],
        "directors": Array [
          Object {
            "name": "string",
            "photoUrl": "string",
          },
        ],
        "producers": Array [
          Object {
            "name": "string",
            "photoUrl": "string",
          },
        ],
        "writers": Array [
          Object {
            "name": "string",
            "photoUrl": "string",
          },
        ],
      },
    },
  },
  "genres": Object {
    "en": "Array<string>",
    "ru": "Array<string>",
  },
  "imdbId": "string",
  "imdbPopularity": "number",
  "imdbRating": "number",
  "imdbRatingVoteCount": "number",
  "keywords": "Array<string>",
  "kpId": "number",
  "kpRating": "number",
  "kpRatingVoteCount": "number",
  "mpaaRating": "string",
  "originalLanguage": "string",
  "originalTitle": "string",
  "posterUrl": Object {
    "en": "string",
    "ru": "string",
  },
  "productionCountries": Object {
    "en": "Array<string>",
    "ru": "Array<string>",
  },
  "releaseDate": "string",
  "rtCriticsRating": "number",
  "rtCriticsRatingVoteCount": "number",
  "runtime": "number",
  "synopsis": Object {
    "en": "string",
    "ru": "string",
  },
  "title": Object {
    "en": "string",
    "ru": "string",
  },
  "tmdbId": "number",
  "tmdbRating": "number",
  "tmdbRatingVoteCount": "number",
  "youtubeIds": Object {
    "en": "Array<string>",
    "ru": "Array<string>",
  },
}
`;
