exports[`getTpbTorrents fetches a list of top movies 1`] = `
Object {
  "movies": Array [
    Object {
      "title": "string",
      "year": "number",
    },
  ],
}
`;

exports[`getTpbTorrents fetches a list of torrents for a given query 1`] = `
Object {
  "torrents": Array [
    Object {
      "magnetLink": "string",
      "name": "string",
      "peers": "number",
      "quality": "string",
      "seeds": "number",
      "size": "number",
      "source": "string",
    },
  ],
}
`;
